// Jest Snapshot v1, https://goo.gl/fbAQLP

exports[`<Banner/> Should render correctly 1`] = `
<div
  class="sc-dkrFOg ceMuHe"
>
  <div
    aria-label="Defy death"
    class="sc-hLBbgP iroKqw"
    role="img"
    src="https://source.unsplash.com/user/willianjusten/1042x580"
  />
  <div
    class="sc-eDvSVe kmYFIO"
  >
    <h2
      class="sc-jSUZER jrYSWl"
    >
      Defy death
    </h2>
    <h3
      class="sc-gKPRtg hGHUMN"
    >
      Play the new CrashLand season
    </h3>
    <a
      class="sc-bcXHqe jsimA"
      href="/games/defy-death"
    >
      <span>
        Buy now
      </span>
    </a>
  </div>
</div>
`;
