// Jest Snapshot v1, https://goo.gl/fbAQLP

exports[`<Main/> should render the heading 1`] = `
<main
  class="sc-bcXHqe kHFTYk"
>
  <img
    alt="Imagem de um átomo e React Avançado escrito ao lado."
    class="sc-gswNZR jrWWzK"
    src="/img/logo.svg"
  />
  <h1
    class="sc-dkrFOg cTgUWI"
  >
    React Avançado
  </h1>
  <h2
    class="sc-hLBbgP cYZaHe"
  >
    Typescript, ReactJS, NextJS e Styled Components
  </h2>
  <img
    alt="Um desenvolvedor de frente para uma tela com código."
    class="sc-eDvSVe hbgsoG"
    src="/img/hero-illustration.svg"
  />
</main>
`;
